2026-09-02 21:38:54,981 - INFO - ============================================================
2026-09-02 21:38:54,981 - INFO - Início da execução
2026-09-02 21:38:54,981 - INFO - ====== WebDriver manager ======
2026-09-02 21:38:56,441 - INFO - Get LATEST chromedriver version for google-chrome
2026-09-02 21:38:56,656 - INFO - There is no [win64] chromedriver "152.0.7977.75" for browser google-chrome "152.0.7977" in cache
2026-09-02 21:38:57,268 - INFO - There is no [win64] chromedriver "152.0.7977.75" for browser google-chrome "152.0.7977" in cache
2026-09-02 21:38:57,268 - INFO - Get LATEST chromedriver version for google-chrome
2026-09-02 21:38:57,388 - INFO - WebDriver version 152.0.7977.75 selected
2026-09-02 21:38:57,398 - INFO - Modern chrome version https://storage.googleapis.com/chrome-for-testing-public/152.0.7977.75/win64/chromedriver-win64.zip
2026-09-02 21:38:57,398 - INFO - About to download new driver from https://storage.googleapis.com/chrome-for-testing-public/152.0.7977.75/win64/chromedriver-win64.zip
2026-09-02 21:38:57,725 - INFO - Driver downloading response is 200
2026-09-02 21:38:59,140 - INFO - Driver has been saved in cache [C:\Users\romis\.wdm\drivers\chromedriver\win64\152.0.7977.75]
2026-09-02 21:39:03,604 - INFO - Buscando 6 cargos: Estágio TI, Analista de Dados Júnior, Desenvolvedor Júnior, Python Junior, Analista de Sistema Júnior, Analista de Suporte Júnior
2026-09-02 21:39:16,001 - WARNING - Para o cargo 'Analista de Dados Júnior' não foram encontradas vagas ou a página falhou.
2026-09-02 21:39:16,001 - WARNING - Aviso: Tempo limite atingido para o cargo Analista de Dados Júnior.
2026-09-02 21:39:29,175 - WARNING - Para o cargo 'Python Junior' não foram encontradas vagas ou a página falhou.
2026-09-02 21:39:29,175 - WARNING - Aviso: Tempo limite atingido para o cargo Python Junior.
2026-09-02 21:39:32,409 - INFO - Arquivo CSV salvo em: c:\Users\romis\OneDrive\Área de Trabalho\GitHub\selenium-vagas-gupy\reports\vagas_encontradas.csv
2026-09-02 21:39:32,409 - INFO - Vagas novas nesta execução: 3
2026-09-02 21:39:32,409 - INFO - Vagas novas cadastradas pela API: 16
2026-09-02 21:39:32,409 - INFO - Total acumulado de vagas: 23
2026-09-02 21:39:32,409 - INFO - Total de vagas duplicadas na API: 0
2026-09-02 21:39:32,410 - INFO - Total de erros de validação: 0
2026-09-02 21:39:32,410 - INFO - Total de erros de conexão: 0
2026-09-02 21:39:32,410 - INFO - Total de status HTTP inesperados: 0
2026-09-02 21:39:32,410 - INFO - Total de erros de timeout: 0
2026-09-02 21:39:32,410 - INFO - Execução finalizada com sucesso
2026-09-02 21:39:36,694 - INFO - E-mail enviado com sucesso!
2026-09-02 21:39:36,694 - INFO - ============================================================
2026-09-03 00:48:33,031 - INFO - ============================================================
2026-09-03 00:48:33,031 - INFO - Início da execução
2026-09-03 00:48:33,032 - INFO - ====== WebDriver manager ======
2026-09-03 00:48:34,869 - INFO - Get LATEST chromedriver version for google-chrome
2026-09-03 00:48:35,705 - INFO - Get LATEST chromedriver version for google-chrome
2026-09-03 00:48:35,942 - INFO - WebDriver version 152.0.7977.75 selected
2026-09-03 00:48:35,953 - INFO - Modern chrome version https://storage.googleapis.com/chrome-for-testing-public/152.0.7977.75/win64/chromedriver-win64.zip
2026-09-03 00:48:35,954 - INFO - About to download new driver from https://storage.googleapis.com/chrome-for-testing-public/152.0.7977.75/win64/chromedriver-win64.zip
2026-09-03 00:48:36,262 - INFO - Driver downloading response is 200
2026-09-03 00:48:37,656 - INFO - Driver has been saved in cache [C:\Users\romis\.wdm\drivers\chromedriver\win64\152.0.7977.75]
2026-09-03 00:48:41,869 - INFO - Buscando 6 cargos: Estágio TI, Analista de Dados Júnior, Desenvolvedor Júnior, Python Junior, Analista de Sistema Júnior, Analista de Suporte Júnior
2026-09-03 00:48:54,067 - WARNING - Para o cargo 'Analista de Dados Júnior' não foram encontradas vagas ou a página falhou.
2026-09-03 00:48:54,067 - WARNING - Aviso: Tempo limite atingido para o cargo Analista de Dados Júnior.
2026-09-03 00:49:06,856 - WARNING - Para o cargo 'Python Junior' não foram encontradas vagas ou a página falhou.
2026-09-03 00:49:06,857 - WARNING - Aviso: Tempo limite atingido para o cargo Python Junior.
2026-09-03 00:49:11,585 - INFO - Arquivo CSV salvo em: c:\Users\romis\OneDrive\Área de Trabalho\GitHub\selenium-vagas-gupy\reports\vagas_encontradas.csv
2026-09-03 00:49:11,585 - INFO - Vagas novas nesta execução: 0
2026-09-03 00:49:11,585 - INFO - Vagas novas cadastradas pela API: 16
2026-09-03 00:49:11,585 - INFO - Total acumulado de vagas: 23
2026-09-03 00:49:11,585 - INFO - Total de vagas duplicadas na API: 0
2026-09-03 00:49:11,585 - INFO - Total de erros de validação: 0
2026-09-03 00:49:11,585 - INFO - Total de erros de conexão: 0
2026-09-03 00:49:11,585 - INFO - Total de status HTTP inesperados: 0
2026-09-03 00:49:11,585 - INFO - Total de erros de timeout: 0
2026-09-03 00:49:11,585 - INFO - Execução finalizada com sucesso
2026-09-03 00:49:16,053 - INFO - E-mail enviado com sucesso!
2026-09-03 00:49:16,053 - INFO - ============================================================
2026-09-05 18:45:05,861 - INFO - ============================================================
2026-09-05 18:45:05,861 - INFO - Início da execução
2026-09-05 18:45:05,861 - INFO - ====== WebDriver manager ======
2026-09-05 18:45:07,299 - INFO - Get LATEST chromedriver version for google-chrome
2026-09-05 18:45:07,442 - INFO - There is no [win64] chromedriver "152.0.7977.82" for browser google-chrome "152.0.7977" in cache
2026-09-05 18:45:08,077 - INFO - There is no [win64] chromedriver "152.0.7977.82" for browser google-chrome "152.0.7977" in cache
2026-09-05 18:45:08,077 - INFO - Get LATEST chromedriver version for google-chrome
2026-09-05 18:45:08,353 - INFO - WebDriver version 152.0.7977.82 selected
2026-09-05 18:45:08,364 - INFO - Modern chrome version https://storage.googleapis.com/chrome-for-testing-public/152.0.7977.82/win64/chromedriver-win64.zip
2026-09-05 18:45:08,364 - INFO - About to download new driver from https://storage.googleapis.com/chrome-for-testing-public/152.0.7977.82/win64/chromedriver-win64.zip
2026-09-05 18:45:09,130 - INFO - Driver downloading response is 200
2026-09-05 18:45:10,568 - INFO - Driver has been saved in cache [C:\Users\romis\.wdm\drivers\chromedriver\win64\152.0.7977.82]
2026-09-05 18:45:14,716 - INFO - Buscando 6 cargos: Estágio TI, Analista de Dados Júnior, Desenvolvedor Júnior, Python Junior, Analista de Sistema Júnior, Analista de Suporte Júnior
2026-09-05 18:45:26,839 - WARNING - Para o cargo 'Analista de Dados Júnior' não foram encontradas vagas ou a página falhou.
2026-09-05 18:45:26,840 - WARNING - Aviso: Tempo limite atingido para o cargo Analista de Dados Júnior.
2026-09-05 18:45:40,212 - WARNING - Para o cargo 'Python Junior' não foram encontradas vagas ou a página falhou.
2026-09-05 18:45:40,212 - WARNING - Aviso: Tempo limite atingido para o cargo Python Junior.
2026-09-05 18:45:48,195 - ERROR - Erro de timeout na linha 0 - https://solveplan.gupy.io/job/eyJqb2JJZCI6MTI0MTA2NzIsInNvdXJjZSI6Imd1cHlfcG9ydGFsIn0=?jobBoardSource=gupy_portal: HTTPSConnectionPool(host='monitoramento-vagas-api-149690613686.southamerica-east1.run.app', port=443): Read timed out. (read timeout=5)
2026-09-05 18:45:51,248 - ERROR - Falha de autenticação na API
2026-09-05 18:45:51,248 - INFO - Arquivo CSV salvo em: c:\Users\romis\OneDrive\Área de Trabalho\GitHub\selenium-vagas-gupy\reports\vagas_encontradas.csv
2026-09-05 18:45:51,248 - INFO - Vagas novas nesta execução: 3
2026-09-05 18:45:51,248 - INFO - Vagas novas cadastradas pela API: 0
2026-09-05 18:45:51,248 - INFO - Total acumulado de vagas: 26
2026-09-05 18:45:51,248 - INFO - Total de vagas duplicadas na API: 0
2026-09-05 18:45:51,248 - INFO - Total de erros de validação: 0
2026-09-05 18:45:51,248 - INFO - Total de erros de conexão: 0
2026-09-05 18:45:51,249 - INFO - Total de status HTTP inesperados: 0
2026-09-05 18:45:51,249 - INFO - Total de erros de timeout: 1
2026-09-05 18:45:51,249 - INFO - Total de Falha de autenticação na API: 1
2026-09-05 18:45:51,249 - WARNING - Execução Concluída com ocorrências
2026-09-05 18:45:54,725 - INFO - E-mail enviado com sucesso!
2026-09-05 18:45:54,725 - INFO - ============================================================
2026-09-05 18:47:46,190 - INFO - ============================================================
2026-09-05 18:47:46,190 - INFO - Início da execução
2026-09-05 18:47:46,191 - INFO - ====== WebDriver manager ======
2026-09-05 18:47:46,951 - INFO - Driver [C:\Users\romis\.wdm\drivers\chromedriver\win64\152.0.7977.82\chromedriver-win64/chromedriver.exe] found in cache by browser version
2026-09-05 18:47:50,639 - INFO - Buscando 6 cargos: Estágio TI, Analista de Dados Júnior, Desenvolvedor Júnior, Python Junior, Analista de Sistema Júnior, Analista de Suporte Júnior
2026-09-05 18:48:02,737 - WARNING - Para o cargo 'Analista de Dados Júnior' não foram encontradas vagas ou a página falhou.
2026-09-05 18:48:02,737 - WARNING - Aviso: Tempo limite atingido para o cargo Analista de Dados Júnior.
2026-09-05 18:48:16,657 - WARNING - Para o cargo 'Python Junior' não foram encontradas vagas ou a página falhou.
2026-09-05 18:48:16,657 - WARNING - Aviso: Tempo limite atingido para o cargo Python Junior.
2026-09-05 18:48:19,934 - INFO - Vaga duplicada: https://solveplan.gupy.io/job/eyJqb2JJZCI6MTI0MTA2NzIsInNvdXJjZSI6Imd1cHlfcG9ydGFsIn0=?jobBoardSource=gupy_portal
2026-09-05 18:48:20,532 - INFO - Vaga duplicada: https://xfckvnq.gupy.io/job/eyJqb2JJZCI6MTIzMTU1MDYsInNvdXJjZSI6Imd1cHlfcG9ydGFsIn0=?jobBoardSource=gupy_portal
2026-09-05 18:48:20,676 - INFO - Vaga duplicada: https://confitec.gupy.io/job/eyJqb2JJZCI6MTIyODg5NzksInNvdXJjZSI6Imd1cHlfcG9ydGFsIn0=?jobBoardSource=gupy_portal
2026-09-05 18:48:20,812 - INFO - Vaga duplicada: https://yduqstech.gupy.io/job/eyJqb2JJZCI6MTIxODEwMDAsInNvdXJjZSI6Imd1cHlfcG9ydGFsIn0=?jobBoardSource=gupy_portal
2026-09-05 18:48:20,958 - INFO - Vaga duplicada: https://confitec.gupy.io/job/eyJqb2JJZCI6MTIyMDQ4MDUsInNvdXJjZSI6Imd1cHlfcG9ydGFsIn0=?jobBoardSource=gupy_portal
2026-09-05 18:48:21,106 - INFO - Vaga duplicada: https://construmarket.gupy.io/job/eyJqb2JJZCI6MTIyMTI1OTcsInNvdXJjZSI6Imd1cHlfcG9ydGFsIn0=?jobBoardSource=gupy_portal
2026-09-05 18:48:21,251 - INFO - Vaga duplicada: https://alaresinternet.gupy.io/job/eyJqb2JJZCI6NzEzNjgzOCwic291cmNlIjoiZ3VweV9wb3J0YWwifQ==?jobBoardSource=gupy_portal
2026-09-05 18:48:21,386 - INFO - Vaga duplicada: https://terras&15719&inactive.gupy.io/job/eyJqb2JJZCI6MTU5MDIyMywic291cmNlIjoiZ3VweV9wb3J0YWwifQ==?jobBoardSource=gupy_portal
2026-09-05 18:48:21,524 - INFO - Vaga duplicada: https://terras&15719&inactive.gupy.io/job/eyJqb2JJZCI6MTUyMjY4Mywic291cmNlIjoiZ3VweV9wb3J0YWwifQ==?jobBoardSource=gupy_portal
2026-09-05 18:48:21,666 - INFO - Vaga duplicada: https://domo.gupy.io/job/eyJqb2JJZCI6MTExMDU5MzQsInNvdXJjZSI6Imd1cHlfcG9ydGFsIn0=?jobBoardSource=gupy_portal
2026-09-05 18:48:21,802 - INFO - Vaga duplicada: https://aurum.gupy.io/job/eyJqb2JJZCI6MTIzODA0NzIsInNvdXJjZSI6Imd1cHlfcG9ydGFsIn0=?jobBoardSource=gupy_portal
2026-09-05 18:48:21,948 - INFO - Vaga duplicada: https://portabilis.gupy.io/job/eyJqb2JJZCI6MTIyODY3MzMsInNvdXJjZSI6Imd1cHlfcG9ydGFsIn0=?jobBoardSource=gupy_portal
2026-09-05 18:48:22,091 - INFO - Vaga duplicada: https://softexpert.gupy.io/job/eyJqb2JJZCI6MTIwOTAzMTEsInNvdXJjZSI6Imd1cHlfcG9ydGFsIn0=?jobBoardSource=gupy_portal
2026-09-05 18:48:22,238 - INFO - Vaga duplicada: https://icarotech.gupy.io/job/eyJqb2JJZCI6MTIwNDQ4OTgsInNvdXJjZSI6Imd1cHlfcG9ydGFsIn0=?jobBoardSource=gupy_portal
2026-09-05 18:48:22,377 - INFO - Vaga duplicada: https://qualitydigital.gupy.io/job/eyJqb2JJZCI6NTUyODAyMywic291cmNlIjoiZ3VweV9wb3J0YWwifQ==?jobBoardSource=gupy_portal
2026-09-05 18:48:22,377 - INFO - Arquivo CSV salvo em: c:\Users\romis\OneDrive\Área de Trabalho\GitHub\selenium-vagas-gupy\reports\vagas_encontradas.csv
2026-09-05 18:48:22,377 - INFO - Vagas novas nesta execução: 0
2026-09-05 18:48:22,377 - INFO - Vagas novas cadastradas pela API: 3
2026-09-05 18:48:22,377 - INFO - Total acumulado de vagas: 26
2026-09-05 18:48:22,377 - INFO - Total de vagas duplicadas na API: 15
2026-09-05 18:48:22,377 - INFO - Total de erros de validação: 0
2026-09-05 18:48:22,378 - INFO - Total de erros de conexão: 0
2026-09-05 18:48:22,378 - INFO - Total de status HTTP inesperados: 0
2026-09-05 18:48:22,378 - INFO - Total de erros de timeout: 0
2026-09-05 18:48:22,378 - INFO - Total de Falha de autenticação na API: 0
2026-09-05 18:48:22,378 - INFO - Execução finalizada com sucesso
2026-09-05 18:48:25,624 - INFO - E-mail enviado com sucesso!
2026-09-05 18:48:25,625 - INFO - ============================================================
2026-09-05 18:55:22,169 - INFO - ============================================================
2026-09-05 18:55:22,170 - INFO - Início da execução
2026-09-05 18:55:22,170 - INFO - ====== WebDriver manager ======
2026-09-05 18:55:22,924 - INFO - Driver [C:\Users\romis\.wdm\drivers\chromedriver\win64\152.0.7977.82\chromedriver-win64/chromedriver.exe] found in cache by browser version
2026-09-05 18:55:26,495 - INFO - Buscando 6 cargos: Estágio TI, Analista de Dados Júnior, Desenvolvedor Júnior, Python Junior, Analista de Sistema Júnior, Analista de Suporte Júnior
2026-09-05 18:55:38,904 - WARNING - Para o cargo 'Analista de Dados Júnior' não foram encontradas vagas ou a página falhou.
2026-09-05 18:55:38,904 - WARNING - Aviso: Tempo limite atingido para o cargo Analista de Dados Júnior.
2026-09-05 18:55:52,805 - WARNING - Para o cargo 'Python Junior' não foram encontradas vagas ou a página falhou.
2026-09-05 18:55:52,805 - WARNING - Aviso: Tempo limite atingido para o cargo Python Junior.
2026-09-05 18:55:56,450 - ERROR - Falha de autenticação na API
2026-09-05 18:55:56,451 - INFO - Arquivo CSV salvo em: c:\Users\romis\OneDrive\Área de Trabalho\GitHub\selenium-vagas-gupy\reports\vagas_encontradas.csv
2026-09-05 18:55:56,451 - INFO - Vagas novas nesta execução: 0
2026-09-05 18:55:56,451 - INFO - Vagas novas cadastradas pela API: 0
2026-09-05 18:55:56,451 - INFO - Total acumulado de vagas: 26
2026-09-05 18:55:56,452 - INFO - Total de vagas duplicadas na API: 0
2026-09-05 18:55:56,452 - INFO - Total de erros de validação: 0
2026-09-05 18:55:56,452 - INFO - Total de erros de conexão: 0
2026-09-05 18:55:56,452 - INFO - Total de status HTTP inesperados: 0
2026-09-05 18:55:56,452 - INFO - Total de erros de timeout: 0
2026-09-05 18:55:56,452 - INFO - Total de Falha de autenticação na API: 1
2026-09-05 18:55:56,452 - WARNING - Execução Concluída com ocorrências
2026-09-05 18:56:00,415 - INFO - E-mail enviado com sucesso!
2026-09-05 18:56:00,415 - INFO - ============================================================
2026-09-05 19:00:00,551 - INFO - ============================================================
2026-09-05 19:00:00,551 - INFO - Início da execução
2026-09-05 19:00:00,551 - INFO - ====== WebDriver manager ======
2026-09-05 19:00:01,259 - INFO - Driver [C:\Users\romis\.wdm\drivers\chromedriver\win64\152.0.7977.82\chromedriver-win64/chromedriver.exe] found in cache by browser version
2026-09-05 19:00:04,811 - INFO - Buscando 6 cargos: Estágio TI, Analista de Dados Júnior, Desenvolvedor Júnior, Python Junior, Analista de Sistema Júnior, Analista de Suporte Júnior
2026-09-05 19:00:17,036 - WARNING - Para o cargo 'Analista de Dados Júnior' não foram encontradas vagas ou a página falhou.
2026-09-05 19:00:17,037 - WARNING - Aviso: Tempo limite atingido para o cargo Analista de Dados Júnior.
2026-09-05 19:00:30,742 - WARNING - Para o cargo 'Python Junior' não foram encontradas vagas ou a página falhou.
2026-09-05 19:00:30,743 - WARNING - Aviso: Tempo limite atingido para o cargo Python Junior.
2026-09-05 19:00:34,181 - WARNING - Status inesperado (500) para o link https://solveplan.gupy.io/job/eyJqb2JJZCI6MTI0MTA2NzIsInNvdXJjZSI6Imd1cHlfcG9ydGFsIn0=?jobBoardSource=gupy_portal: Internal Server Error
2026-09-05 19:00:34,398 - INFO - Vaga duplicada: https://viceri-vagas.gupy.io/job/eyJqb2JJZCI6MTI0MTQ3MzksInNvdXJjZSI6Imd1cHlfcG9ydGFsIn0=?jobBoardSource=gupy_portal
2026-09-05 19:00:34,544 - INFO - Vaga duplicada: https://qualitydigital.gupy.io/job/eyJqb2JJZCI6MTIzMzEwMDEsInNvdXJjZSI6Imd1cHlfcG9ydGFsIn0=?jobBoardSource=gupy_portal
2026-09-05 19:00:34,694 - INFO - Vaga duplicada: https://confitec.gupy.io/job/eyJqb2JJZCI6MTIzMzc4MzEsInNvdXJjZSI6Imd1cHlfcG9ydGFsIn0=?jobBoardSource=gupy_portal
2026-09-05 19:00:34,843 - INFO - Vaga duplicada: https://xfckvnq.gupy.io/job/eyJqb2JJZCI6MTIzMTU1MDYsInNvdXJjZSI6Imd1cHlfcG9ydGFsIn0=?jobBoardSource=gupy_portal
2026-09-05 19:00:35,003 - INFO - Vaga duplicada: https://confitec.gupy.io/job/eyJqb2JJZCI6MTIyODg5NzksInNvdXJjZSI6Imd1cHlfcG9ydGFsIn0=?jobBoardSource=gupy_portal
2026-09-05 19:00:35,158 - INFO - Vaga duplicada: https://yduqstech.gupy.io/job/eyJqb2JJZCI6MTIxODEwMDAsInNvdXJjZSI6Imd1cHlfcG9ydGFsIn0=?jobBoardSource=gupy_portal
2026-09-05 19:00:35,310 - INFO - Vaga duplicada: https://confitec.gupy.io/job/eyJqb2JJZCI6MTIyMDQ4MDUsInNvdXJjZSI6Imd1cHlfcG9ydGFsIn0=?jobBoardSource=gupy_portal
2026-09-05 19:00:35,457 - INFO - Vaga duplicada: https://construmarket.gupy.io/job/eyJqb2JJZCI6MTIyMTI1OTcsInNvdXJjZSI6Imd1cHlfcG9ydGFsIn0=?jobBoardSource=gupy_portal
2026-09-05 19:00:35,605 - INFO - Vaga duplicada: https://alaresinternet.gupy.io/job/eyJqb2JJZCI6NzEzNjgzOCwic291cmNlIjoiZ3VweV9wb3J0YWwifQ==?jobBoardSource=gupy_portal
2026-09-05 19:00:35,753 - INFO - Vaga duplicada: https://terras&15719&inactive.gupy.io/job/eyJqb2JJZCI6MTU5MDIyMywic291cmNlIjoiZ3VweV9wb3J0YWwifQ==?jobBoardSource=gupy_portal
2026-09-05 19:00:35,899 - INFO - Vaga duplicada: https://terras&15719&inactive.gupy.io/job/eyJqb2JJZCI6MTUyMjY4Mywic291cmNlIjoiZ3VweV9wb3J0YWwifQ==?jobBoardSource=gupy_portal
2026-09-05 19:00:36,052 - INFO - Vaga duplicada: https://domo.gupy.io/job/eyJqb2JJZCI6MTExMDU5MzQsInNvdXJjZSI6Imd1cHlfcG9ydGFsIn0=?jobBoardSource=gupy_portal
2026-09-05 19:00:36,196 - INFO - Vaga duplicada: https://aurum.gupy.io/job/eyJqb2JJZCI6MTIzODA0NzIsInNvdXJjZSI6Imd1cHlfcG9ydGFsIn0=?jobBoardSource=gupy_portal
2026-09-05 19:00:36,357 - INFO - Vaga duplicada: https://portabilis.gupy.io/job/eyJqb2JJZCI6MTIyODY3MzMsInNvdXJjZSI6Imd1cHlfcG9ydGFsIn0=?jobBoardSource=gupy_portal
2026-09-05 19:00:36,504 - INFO - Vaga duplicada: https://softexpert.gupy.io/job/eyJqb2JJZCI6MTIwOTAzMTEsInNvdXJjZSI6Imd1cHlfcG9ydGFsIn0=?jobBoardSource=gupy_portal
2026-09-05 19:00:36,656 - INFO - Vaga duplicada: https://icarotech.gupy.io/job/eyJqb2JJZCI6MTIwNDQ4OTgsInNvdXJjZSI6Imd1cHlfcG9ydGFsIn0=?jobBoardSource=gupy_portal
2026-09-05 19:00:36,802 - INFO - Vaga duplicada: https://qualitydigital.gupy.io/job/eyJqb2JJZCI6NTUyODAyMywic291cmNlIjoiZ3VweV9wb3J0YWwifQ==?jobBoardSource=gupy_portal
2026-09-05 19:00:36,802 - INFO - Arquivo CSV salvo em: c:\Users\romis\OneDrive\Área de Trabalho\GitHub\selenium-vagas-gupy\reports\vagas_encontradas.csv
2026-09-05 19:00:36,802 - INFO - Vagas novas nesta execução: 0
2026-09-05 19:00:36,803 - INFO - Vagas novas cadastradas pela API: 0
2026-09-05 19:00:36,803 - INFO - Total acumulado de vagas: 26
2026-09-05 19:00:36,803 - INFO - Total de vagas duplicadas na API: 17
2026-09-05 19:00:36,803 - INFO - Total de erros de validação: 0
2026-09-05 19:00:36,803 - INFO - Total de erros de conexão: 0
2026-09-05 19:00:36,803 - INFO - Total de status HTTP inesperados: 1
2026-09-05 19:00:36,803 - INFO - Total de erros de timeout: 0
2026-09-05 19:00:36,803 - INFO - Total de falhas de autenticação na API: 0
2026-09-05 19:00:36,803 - WARNING - Execução Concluída com ocorrências
2026-09-05 19:00:40,760 - INFO - E-mail enviado com sucesso!
2026-09-05 19:00:40,760 - INFO - ============================================================
2026-09-05 19:01:37,409 - INFO - ============================================================
2026-09-05 19:01:37,409 - INFO - Início da execução
2026-09-05 19:01:37,409 - INFO - ====== WebDriver manager ======
2026-09-05 19:01:38,066 - INFO - Driver [C:\Users\romis\.wdm\drivers\chromedriver\win64\152.0.7977.82\chromedriver-win64/chromedriver.exe] found in cache by browser version
2026-09-05 19:01:41,580 - INFO - Buscando 6 cargos: Estágio TI, Analista de Dados Júnior, Desenvolvedor Júnior, Python Junior, Analista de Sistema Júnior, Analista de Suporte Júnior
2026-09-05 19:01:53,632 - WARNING - Para o cargo 'Analista de Dados Júnior' não foram encontradas vagas ou a página falhou.
2026-09-05 19:01:53,632 - WARNING - Aviso: Tempo limite atingido para o cargo Analista de Dados Júnior.
2026-09-05 19:02:07,661 - WARNING - Para o cargo 'Python Junior' não foram encontradas vagas ou a página falhou.
2026-09-05 19:02:07,661 - WARNING - Aviso: Tempo limite atingido para o cargo Python Junior.
2026-09-05 19:02:11,282 - INFO - Vaga duplicada: https://solveplan.gupy.io/job/eyJqb2JJZCI6MTI0MTA2NzIsInNvdXJjZSI6Imd1cHlfcG9ydGFsIn0=?jobBoardSource=gupy_portal
2026-09-05 19:02:11,433 - INFO - Vaga duplicada: https://viceri-vagas.gupy.io/job/eyJqb2JJZCI6MTI0MTQ3MzksInNvdXJjZSI6Imd1cHlfcG9ydGFsIn0=?jobBoardSource=gupy_portal
2026-09-05 19:02:11,577 - INFO - Vaga duplicada: https://qualitydigital.gupy.io/job/eyJqb2JJZCI6MTIzMzEwMDEsInNvdXJjZSI6Imd1cHlfcG9ydGFsIn0=?jobBoardSource=gupy_portal
2026-09-05 19:02:11,723 - INFO - Vaga duplicada: https://confitec.gupy.io/job/eyJqb2JJZCI6MTIzMzc4MzEsInNvdXJjZSI6Imd1cHlfcG9ydGFsIn0=?jobBoardSource=gupy_portal
2026-09-05 19:02:11,871 - INFO - Vaga duplicada: https://xfckvnq.gupy.io/job/eyJqb2JJZCI6MTIzMTU1MDYsInNvdXJjZSI6Imd1cHlfcG9ydGFsIn0=?jobBoardSource=gupy_portal
2026-09-05 19:02:12,107 - INFO - Vaga duplicada: https://confitec.gupy.io/job/eyJqb2JJZCI6MTIyODg5NzksInNvdXJjZSI6Imd1cHlfcG9ydGFsIn0=?jobBoardSource=gupy_portal
2026-09-05 19:02:12,403 - INFO - Vaga duplicada: https://yduqstech.gupy.io/job/eyJqb2JJZCI6MTIxODEwMDAsInNvdXJjZSI6Imd1cHlfcG9ydGFsIn0=?jobBoardSource=gupy_portal
2026-09-05 19:02:12,647 - INFO - Vaga duplicada: https://confitec.gupy.io/job/eyJqb2JJZCI6MTIyMDQ4MDUsInNvdXJjZSI6Imd1cHlfcG9ydGFsIn0=?jobBoardSource=gupy_portal
2026-09-05 19:02:12,800 - INFO - Vaga duplicada: https://construmarket.gupy.io/job/eyJqb2JJZCI6MTIyMTI1OTcsInNvdXJjZSI6Imd1cHlfcG9ydGFsIn0=?jobBoardSource=gupy_portal
2026-09-05 19:02:12,950 - INFO - Vaga duplicada: https://alaresinternet.gupy.io/job/eyJqb2JJZCI6NzEzNjgzOCwic291cmNlIjoiZ3VweV9wb3J0YWwifQ==?jobBoardSource=gupy_portal
2026-09-05 19:02:13,095 - INFO - Vaga duplicada: https://terras&15719&inactive.gupy.io/job/eyJqb2JJZCI6MTU5MDIyMywic291cmNlIjoiZ3VweV9wb3J0YWwifQ==?jobBoardSource=gupy_portal
2026-09-05 19:02:13,245 - INFO - Vaga duplicada: https://terras&15719&inactive.gupy.io/job/eyJqb2JJZCI6MTUyMjY4Mywic291cmNlIjoiZ3VweV9wb3J0YWwifQ==?jobBoardSource=gupy_portal
2026-09-05 19:02:13,402 - INFO - Vaga duplicada: https://domo.gupy.io/job/eyJqb2JJZCI6MTExMDU5MzQsInNvdXJjZSI6Imd1cHlfcG9ydGFsIn0=?jobBoardSource=gupy_portal
2026-09-05 19:02:13,555 - INFO - Vaga duplicada: https://aurum.gupy.io/job/eyJqb2JJZCI6MTIzODA0NzIsInNvdXJjZSI6Imd1cHlfcG9ydGFsIn0=?jobBoardSource=gupy_portal
2026-09-05 19:02:13,697 - INFO - Vaga duplicada: https://portabilis.gupy.io/job/eyJqb2JJZCI6MTIyODY3MzMsInNvdXJjZSI6Imd1cHlfcG9ydGFsIn0=?jobBoardSource=gupy_portal
2026-09-05 19:02:13,849 - INFO - Vaga duplicada: https://softexpert.gupy.io/job/eyJqb2JJZCI6MTIwOTAzMTEsInNvdXJjZSI6Imd1cHlfcG9ydGFsIn0=?jobBoardSource=gupy_portal
2026-09-05 19:02:14,019 - INFO - Vaga duplicada: https://icarotech.gupy.io/job/eyJqb2JJZCI6MTIwNDQ4OTgsInNvdXJjZSI6Imd1cHlfcG9ydGFsIn0=?jobBoardSource=gupy_portal
2026-09-05 19:02:14,158 - INFO - Vaga duplicada: https://qualitydigital.gupy.io/job/eyJqb2JJZCI6NTUyODAyMywic291cmNlIjoiZ3VweV9wb3J0YWwifQ==?jobBoardSource=gupy_portal
2026-09-05 19:02:14,159 - INFO - Arquivo CSV salvo em: c:\Users\romis\OneDrive\Área de Trabalho\GitHub\selenium-vagas-gupy\reports\vagas_encontradas.csv
2026-09-05 19:02:14,159 - INFO - Vagas novas nesta execução: 0
2026-09-05 19:02:14,159 - INFO - Vagas novas cadastradas pela API: 0
2026-09-05 19:02:14,159 - INFO - Total acumulado de vagas: 26
2026-09-05 19:02:14,159 - INFO - Total de vagas duplicadas na API: 18
2026-09-05 19:02:14,159 - INFO - Total de erros de validação: 0
2026-09-05 19:02:14,159 - INFO - Total de erros de conexão: 0
2026-09-05 19:02:14,159 - INFO - Total de status HTTP inesperados: 0
2026-09-05 19:02:14,159 - INFO - Total de erros de timeout: 0
2026-09-05 19:02:14,159 - INFO - Total de falhas de autenticação na API: 0
2026-09-05 19:02:14,159 - INFO - Execução finalizada com sucesso
2026-09-05 19:02:17,316 - INFO - E-mail enviado com sucesso!
2026-09-05 19:02:17,317 - INFO - ============================================================
2026-09-06 12:18:12,719 - INFO - ============================================================
2026-09-06 12:18:12,719 - INFO - Início da execução
2026-09-06 12:18:12,719 - INFO - ====== WebDriver manager ======
2026-09-06 12:18:13,802 - INFO - Get LATEST chromedriver version for google-chrome
2026-09-06 12:18:14,598 - INFO - Get LATEST chromedriver version for google-chrome
2026-09-06 12:18:15,080 - INFO - WebDriver version 152.0.7977.82 selected
2026-09-06 12:18:15,087 - INFO - Modern chrome version https://storage.googleapis.com/chrome-for-testing-public/152.0.7977.82/win64/chromedriver-win64.zip
2026-09-06 12:18:15,087 - INFO - About to download new driver from https://storage.googleapis.com/chrome-for-testing-public/152.0.7977.82/win64/chromedriver-win64.zip
2026-09-06 12:18:15,342 - INFO - Driver downloading response is 200
2026-09-06 12:18:15,994 - INFO - Driver has been saved in cache [C:\Users\romis\.wdm\drivers\chromedriver\win64\152.0.7977.82]
2026-09-06 12:18:19,634 - INFO - Buscando 6 cargos: Estágio TI, Analista de Dados Júnior, Desenvolvedor Júnior, Python Junior, Analista de Sistema Júnior, Analista de Suporte Júnior
2026-09-06 12:18:31,716 - WARNING - Para o cargo 'Analista de Dados Júnior' não foram encontradas vagas ou a página falhou.
2026-09-06 12:18:31,716 - WARNING - Aviso: Tempo limite atingido para o cargo Analista de Dados Júnior.
2026-09-06 12:18:45,094 - WARNING - Para o cargo 'Python Junior' não foram encontradas vagas ou a página falhou.
2026-09-06 12:18:45,094 - WARNING - Aviso: Tempo limite atingido para o cargo Python Junior.
2026-09-06 12:18:47,961 - INFO - Vaga duplicada: https://solveplan.gupy.io/job/eyJqb2JJZCI6MTI0MTA2NzIsInNvdXJjZSI6Imd1cHlfcG9ydGFsIn0=?jobBoardSource=gupy_portal
2026-09-06 12:18:48,100 - INFO - Vaga duplicada: https://viceri-vagas.gupy.io/job/eyJqb2JJZCI6MTI0MTQ3MzksInNvdXJjZSI6Imd1cHlfcG9ydGFsIn0=?jobBoardSource=gupy_portal
2026-09-06 12:18:48,234 - INFO - Vaga duplicada: https://qualitydigital.gupy.io/job/eyJqb2JJZCI6MTIzMzEwMDEsInNvdXJjZSI6Imd1cHlfcG9ydGFsIn0=?jobBoardSource=gupy_portal
2026-09-06 12:18:48,377 - INFO - Vaga duplicada: https://confitec.gupy.io/job/eyJqb2JJZCI6MTIzMzc4MzEsInNvdXJjZSI6Imd1cHlfcG9ydGFsIn0=?jobBoardSource=gupy_portal
2026-09-06 12:18:48,513 - INFO - Vaga duplicada: https://xfckvnq.gupy.io/job/eyJqb2JJZCI6MTIzMTU1MDYsInNvdXJjZSI6Imd1cHlfcG9ydGFsIn0=?jobBoardSource=gupy_portal
2026-09-06 12:18:48,652 - INFO - Vaga duplicada: https://confitec.gupy.io/job/eyJqb2JJZCI6MTIyODg5NzksInNvdXJjZSI6Imd1cHlfcG9ydGFsIn0=?jobBoardSource=gupy_portal
2026-09-06 12:18:48,795 - INFO - Vaga duplicada: https://yduqstech.gupy.io/job/eyJqb2JJZCI6MTIxODEwMDAsInNvdXJjZSI6Imd1cHlfcG9ydGFsIn0=?jobBoardSource=gupy_portal
2026-09-06 12:18:48,927 - INFO - Vaga duplicada: https://confitec.gupy.io/job/eyJqb2JJZCI6MTIyMDQ4MDUsInNvdXJjZSI6Imd1cHlfcG9ydGFsIn0=?jobBoardSource=gupy_portal
2026-09-06 12:18:49,066 - INFO - Vaga duplicada: https://construmarket.gupy.io/job/eyJqb2JJZCI6MTIyMTI1OTcsInNvdXJjZSI6Imd1cHlfcG9ydGFsIn0=?jobBoardSource=gupy_portal
2026-09-06 12:18:49,205 - INFO - Vaga duplicada: https://alaresinternet.gupy.io/job/eyJqb2JJZCI6NzEzNjgzOCwic291cmNlIjoiZ3VweV9wb3J0YWwifQ==?jobBoardSource=gupy_portal
2026-09-06 12:18:49,342 - INFO - Vaga duplicada: https://terras&15719&inactive.gupy.io/job/eyJqb2JJZCI6MTU5MDIyMywic291cmNlIjoiZ3VweV9wb3J0YWwifQ==?jobBoardSource=gupy_portal
2026-09-06 12:18:49,483 - INFO - Vaga duplicada: https://terras&15719&inactive.gupy.io/job/eyJqb2JJZCI6MTUyMjY4Mywic291cmNlIjoiZ3VweV9wb3J0YWwifQ==?jobBoardSource=gupy_portal
2026-09-06 12:18:49,625 - INFO - Vaga duplicada: https://domo.gupy.io/job/eyJqb2JJZCI6MTExMDU5MzQsInNvdXJjZSI6Imd1cHlfcG9ydGFsIn0=?jobBoardSource=gupy_portal
2026-09-06 12:18:49,760 - INFO - Vaga duplicada: https://aurum.gupy.io/job/eyJqb2JJZCI6MTIzODA0NzIsInNvdXJjZSI6Imd1cHlfcG9ydGFsIn0=?jobBoardSource=gupy_portal
2026-09-06 12:18:49,896 - INFO - Vaga duplicada: https://portabilis.gupy.io/job/eyJqb2JJZCI6MTIyODY3MzMsInNvdXJjZSI6Imd1cHlfcG9ydGFsIn0=?jobBoardSource=gupy_portal
2026-09-06 12:18:50,037 - INFO - Vaga duplicada: https://softexpert.gupy.io/job/eyJqb2JJZCI6MTIwOTAzMTEsInNvdXJjZSI6Imd1cHlfcG9ydGFsIn0=?jobBoardSource=gupy_portal
2026-09-06 12:18:50,178 - INFO - Vaga duplicada: https://icarotech.gupy.io/job/eyJqb2JJZCI6MTIwNDQ4OTgsInNvdXJjZSI6Imd1cHlfcG9ydGFsIn0=?jobBoardSource=gupy_portal
2026-09-06 12:18:50,318 - INFO - Vaga duplicada: https://qualitydigital.gupy.io/job/eyJqb2JJZCI6NTUyODAyMywic291cmNlIjoiZ3VweV9wb3J0YWwifQ==?jobBoardSource=gupy_portal
2026-09-06 12:18:50,318 - INFO - Arquivo CSV salvo em: c:\Users\romis\OneDrive\Área de Trabalho\GitHub\selenium-vagas-gupy\reports\vagas_encontradas.csv
2026-09-06 12:18:50,318 - INFO - Vagas novas nesta execução: 0
2026-09-06 12:18:50,318 - INFO - Vagas novas cadastradas pela API: 0
2026-09-06 12:18:50,318 - INFO - Total acumulado de vagas: 26
2026-09-06 12:18:50,318 - INFO - Total de vagas duplicadas na API: 18
2026-09-06 12:18:50,318 - INFO - Total de erros de validação: 0
2026-09-06 12:18:50,318 - INFO - Total de erros de conexão: 0
2026-09-06 12:18:50,318 - INFO - Total de status HTTP inesperados: 0
2026-09-06 12:18:50,318 - INFO - Total de erros de timeout: 0
2026-09-06 12:18:50,318 - INFO - Total de falhas de autenticação na API: 0
2026-09-06 12:18:50,318 - INFO - Execução finalizada com sucesso
2026-09-06 12:18:53,649 - INFO - E-mail enviado com sucesso!
2026-09-06 12:18:53,649 - INFO - ============================================================
2026-09-07 08:15:03,681 - INFO - ============================================================
2026-09-07 08:15:03,682 - INFO - Início da execução
2026-09-07 08:15:03,682 - INFO - ====== WebDriver manager ======
2026-09-07 08:15:04,635 - INFO - Get LATEST chromedriver version for google-chrome
2026-09-07 08:15:05,143 - INFO - Get LATEST chromedriver version for google-chrome
2026-09-07 08:15:05,228 - INFO - WebDriver version 152.0.7977.82 selected
2026-09-07 08:15:05,233 - INFO - Modern chrome version https://storage.googleapis.com/chrome-for-testing-public/152.0.7977.82/win64/chromedriver-win64.zip
2026-09-07 08:15:05,233 - INFO - About to download new driver from https://storage.googleapis.com/chrome-for-testing-public/152.0.7977.82/win64/chromedriver-win64.zip
2026-09-07 08:15:05,526 - INFO - Driver downloading response is 200
2026-09-07 08:15:06,907 - INFO - Driver has been saved in cache [C:\Users\romis\.wdm\drivers\chromedriver\win64\152.0.7977.82]
2026-09-07 08:15:12,099 - INFO - Buscando 6 cargos: Estágio TI, Analista de Dados Júnior, Desenvolvedor Júnior, Python Junior, Analista de Sistema Júnior, Analista de Suporte Júnior
2026-09-07 08:15:24,499 - WARNING - Para o cargo 'Analista de Dados Júnior' não foram encontradas vagas ou a página falhou.
2026-09-07 08:15:24,499 - WARNING - Aviso: Tempo limite atingido para o cargo Analista de Dados Júnior.
2026-09-07 08:15:37,073 - WARNING - Para o cargo 'Python Junior' não foram encontradas vagas ou a página falhou.
2026-09-07 08:15:37,073 - WARNING - Aviso: Tempo limite atingido para o cargo Python Junior.
2026-09-07 08:15:46,647 - INFO - Vaga duplicada: https://solveplan.gupy.io/job/eyJqb2JJZCI6MTI0MTA2NzIsInNvdXJjZSI6Imd1cHlfcG9ydGFsIn0=?jobBoardSource=gupy_portal
2026-09-07 08:15:46,811 - INFO - Vaga duplicada: https://viceri-vagas.gupy.io/job/eyJqb2JJZCI6MTI0MTQ3MzksInNvdXJjZSI6Imd1cHlfcG9ydGFsIn0=?jobBoardSource=gupy_portal
2026-09-07 08:15:46,956 - INFO - Vaga duplicada: https://qualitydigital.gupy.io/job/eyJqb2JJZCI6MTIzMzEwMDEsInNvdXJjZSI6Imd1cHlfcG9ydGFsIn0=?jobBoardSource=gupy_portal
2026-09-07 08:15:47,095 - INFO - Vaga duplicada: https://confitec.gupy.io/job/eyJqb2JJZCI6MTIzMzc4MzEsInNvdXJjZSI6Imd1cHlfcG9ydGFsIn0=?jobBoardSource=gupy_portal
2026-09-07 08:15:47,245 - INFO - Vaga duplicada: https://xfckvnq.gupy.io/job/eyJqb2JJZCI6MTIzMTU1MDYsInNvdXJjZSI6Imd1cHlfcG9ydGFsIn0=?jobBoardSource=gupy_portal
2026-09-07 08:15:47,385 - INFO - Vaga duplicada: https://confitec.gupy.io/job/eyJqb2JJZCI6MTIyODg5NzksInNvdXJjZSI6Imd1cHlfcG9ydGFsIn0=?jobBoardSource=gupy_portal
2026-09-07 08:15:47,526 - INFO - Vaga duplicada: https://yduqstech.gupy.io/job/eyJqb2JJZCI6MTIxODEwMDAsInNvdXJjZSI6Imd1cHlfcG9ydGFsIn0=?jobBoardSource=gupy_portal
2026-09-07 08:15:47,669 - INFO - Vaga duplicada: https://confitec.gupy.io/job/eyJqb2JJZCI6MTIyMDQ4MDUsInNvdXJjZSI6Imd1cHlfcG9ydGFsIn0=?jobBoardSource=gupy_portal
2026-09-07 08:15:47,809 - INFO - Vaga duplicada: https://construmarket.gupy.io/job/eyJqb2JJZCI6MTIyMTI1OTcsInNvdXJjZSI6Imd1cHlfcG9ydGFsIn0=?jobBoardSource=gupy_portal
2026-09-07 08:15:47,961 - INFO - Vaga duplicada: https://alaresinternet.gupy.io/job/eyJqb2JJZCI6NzEzNjgzOCwic291cmNlIjoiZ3VweV9wb3J0YWwifQ==?jobBoardSource=gupy_portal
2026-09-07 08:15:48,099 - INFO - Vaga duplicada: https://terras&15719&inactive.gupy.io/job/eyJqb2JJZCI6MTU5MDIyMywic291cmNlIjoiZ3VweV9wb3J0YWwifQ==?jobBoardSource=gupy_portal
2026-09-07 08:15:48,247 - INFO - Vaga duplicada: https://terras&15719&inactive.gupy.io/job/eyJqb2JJZCI6MTUyMjY4Mywic291cmNlIjoiZ3VweV9wb3J0YWwifQ==?jobBoardSource=gupy_portal
2026-09-07 08:15:48,387 - INFO - Vaga duplicada: https://domo.gupy.io/job/eyJqb2JJZCI6MTExMDU5MzQsInNvdXJjZSI6Imd1cHlfcG9ydGFsIn0=?jobBoardSource=gupy_portal
2026-09-07 08:15:48,537 - INFO - Vaga duplicada: https://aurum.gupy.io/job/eyJqb2JJZCI6MTIzODA0NzIsInNvdXJjZSI6Imd1cHlfcG9ydGFsIn0=?jobBoardSource=gupy_portal
2026-09-07 08:15:48,703 - INFO - Vaga duplicada: https://portabilis.gupy.io/job/eyJqb2JJZCI6MTIyODY3MzMsInNvdXJjZSI6Imd1cHlfcG9ydGFsIn0=?jobBoardSource=gupy_portal
2026-09-07 08:15:48,849 - INFO - Vaga duplicada: https://softexpert.gupy.io/job/eyJqb2JJZCI6MTIwOTAzMTEsInNvdXJjZSI6Imd1cHlfcG9ydGFsIn0=?jobBoardSource=gupy_portal
2026-09-07 08:15:49,011 - INFO - Vaga duplicada: https://icarotech.gupy.io/job/eyJqb2JJZCI6MTIwNDQ4OTgsInNvdXJjZSI6Imd1cHlfcG9ydGFsIn0=?jobBoardSource=gupy_portal
2026-09-07 08:15:49,154 - INFO - Vaga duplicada: https://qualitydigital.gupy.io/job/eyJqb2JJZCI6NTUyODAyMywic291cmNlIjoiZ3VweV9wb3J0YWwifQ==?jobBoardSource=gupy_portal
2026-09-07 08:15:49,154 - INFO - Arquivo CSV salvo em: C:\Users\romis\OneDrive\Área de Trabalho\GitHub\selenium-vagas-gupy\reports\vagas_encontradas.csv
2026-09-07 08:15:49,154 - INFO - Vagas novas nesta execução: 0
2026-09-07 08:15:49,154 - INFO - Vagas novas cadastradas pela API: 0
2026-09-07 08:15:49,154 - INFO - Total acumulado de vagas: 26
2026-09-07 08:15:49,154 - INFO - Total de vagas duplicadas na API: 18
2026-09-07 08:15:49,154 - INFO - Total de erros de validação: 0
2026-09-07 08:15:49,154 - INFO - Total de erros de conexão: 0
2026-09-07 08:15:49,154 - INFO - Total de status HTTP inesperados: 0
2026-09-07 08:15:49,154 - INFO - Total de erros de timeout: 0
2026-09-07 08:15:49,154 - INFO - Total de falhas de autenticação na API: 0
2026-09-07 08:15:49,154 - INFO - Execução finalizada com sucesso
2026-09-07 08:15:52,687 - INFO - E-mail enviado com sucesso!
2026-09-07 08:15:52,688 - INFO - ============================================================
2026-09-07 12:40:59,132 - INFO - ============================================================
2026-09-07 12:40:59,132 - INFO - Início da execução
2026-09-07 12:40:59,133 - INFO - ====== WebDriver manager ======
2026-09-07 12:40:59,676 - INFO - Driver [C:\Users\romis\.wdm\drivers\chromedriver\win64\152.0.7977.82\chromedriver-win64/chromedriver.exe] found in cache by browser version
2026-09-07 12:41:02,946 - INFO - Buscando 6 cargos: Estágio TI, Analista de Dados Júnior, Desenvolvedor Júnior, Python Junior, Analista de Sistema Júnior, Analista de Suporte Júnior
2026-09-07 12:41:15,173 - WARNING - Para o cargo 'Analista de Dados Júnior' não foram encontradas vagas ou a página falhou.
2026-09-07 12:41:15,173 - WARNING - Aviso: Tempo limite atingido para o cargo Analista de Dados Júnior.
2026-09-07 12:41:28,263 - WARNING - Para o cargo 'Python Junior' não foram encontradas vagas ou a página falhou.
2026-09-07 12:41:28,263 - WARNING - Aviso: Tempo limite atingido para o cargo Python Junior.
2026-09-07 12:41:36,937 - INFO - Vaga duplicada: https://solveplan.gupy.io/job/eyJqb2JJZCI6MTI0MTA2NzIsInNvdXJjZSI6Imd1cHlfcG9ydGFsIn0=?jobBoardSource=gupy_portal
2026-09-07 12:41:37,075 - INFO - Vaga duplicada: https://viceri-vagas.gupy.io/job/eyJqb2JJZCI6MTI0MTQ3MzksInNvdXJjZSI6Imd1cHlfcG9ydGFsIn0=?jobBoardSource=gupy_portal
2026-09-07 12:41:37,217 - INFO - Vaga duplicada: https://qualitydigital.gupy.io/job/eyJqb2JJZCI6MTIzMzEwMDEsInNvdXJjZSI6Imd1cHlfcG9ydGFsIn0=?jobBoardSource=gupy_portal
2026-09-07 12:41:37,357 - INFO - Vaga duplicada: https://confitec.gupy.io/job/eyJqb2JJZCI6MTIzMzc4MzEsInNvdXJjZSI6Imd1cHlfcG9ydGFsIn0=?jobBoardSource=gupy_portal
2026-09-07 12:41:37,489 - INFO - Vaga duplicada: https://xfckvnq.gupy.io/job/eyJqb2JJZCI6MTIzMTU1MDYsInNvdXJjZSI6Imd1cHlfcG9ydGFsIn0=?jobBoardSource=gupy_portal
2026-09-07 12:41:37,622 - INFO - Vaga duplicada: https://confitec.gupy.io/job/eyJqb2JJZCI6MTIyODg5NzksInNvdXJjZSI6Imd1cHlfcG9ydGFsIn0=?jobBoardSource=gupy_portal
2026-09-07 12:41:37,769 - INFO - Vaga duplicada: https://yduqstech.gupy.io/job/eyJqb2JJZCI6MTIxODEwMDAsInNvdXJjZSI6Imd1cHlfcG9ydGFsIn0=?jobBoardSource=gupy_portal
2026-09-07 12:41:37,905 - INFO - Vaga duplicada: https://confitec.gupy.io/job/eyJqb2JJZCI6MTIyMDQ4MDUsInNvdXJjZSI6Imd1cHlfcG9ydGFsIn0=?jobBoardSource=gupy_portal
2026-09-07 12:41:38,043 - INFO - Vaga duplicada: https://construmarket.gupy.io/job/eyJqb2JJZCI6MTIyMTI1OTcsInNvdXJjZSI6Imd1cHlfcG9ydGFsIn0=?jobBoardSource=gupy_portal
2026-09-07 12:41:38,181 - INFO - Vaga duplicada: https://alaresinternet.gupy.io/job/eyJqb2JJZCI6NzEzNjgzOCwic291cmNlIjoiZ3VweV9wb3J0YWwifQ==?jobBoardSource=gupy_portal
2026-09-07 12:41:38,320 - INFO - Vaga duplicada: https://terras&15719&inactive.gupy.io/job/eyJqb2JJZCI6MTU5MDIyMywic291cmNlIjoiZ3VweV9wb3J0YWwifQ==?jobBoardSource=gupy_portal
2026-09-07 12:41:38,461 - INFO - Vaga duplicada: https://terras&15719&inactive.gupy.io/job/eyJqb2JJZCI6MTUyMjY4Mywic291cmNlIjoiZ3VweV9wb3J0YWwifQ==?jobBoardSource=gupy_portal
2026-09-07 12:41:38,594 - INFO - Vaga duplicada: https://domo.gupy.io/job/eyJqb2JJZCI6MTExMDU5MzQsInNvdXJjZSI6Imd1cHlfcG9ydGFsIn0=?jobBoardSource=gupy_portal
2026-09-07 12:41:38,730 - INFO - Vaga duplicada: https://aurum.gupy.io/job/eyJqb2JJZCI6MTIzODA0NzIsInNvdXJjZSI6Imd1cHlfcG9ydGFsIn0=?jobBoardSource=gupy_portal
2026-09-07 12:41:38,866 - INFO - Vaga duplicada: https://portabilis.gupy.io/job/eyJqb2JJZCI6MTIyODY3MzMsInNvdXJjZSI6Imd1cHlfcG9ydGFsIn0=?jobBoardSource=gupy_portal
2026-09-07 12:41:39,001 - INFO - Vaga duplicada: https://softexpert.gupy.io/job/eyJqb2JJZCI6MTIwOTAzMTEsInNvdXJjZSI6Imd1cHlfcG9ydGFsIn0=?jobBoardSource=gupy_portal
2026-09-07 12:41:39,137 - INFO - Vaga duplicada: https://icarotech.gupy.io/job/eyJqb2JJZCI6MTIwNDQ4OTgsInNvdXJjZSI6Imd1cHlfcG9ydGFsIn0=?jobBoardSource=gupy_portal
2026-09-07 12:41:39,280 - INFO - Vaga duplicada: https://qualitydigital.gupy.io/job/eyJqb2JJZCI6NTUyODAyMywic291cmNlIjoiZ3VweV9wb3J0YWwifQ==?jobBoardSource=gupy_portal
2026-09-07 12:41:39,280 - INFO - Arquivo CSV salvo em: c:\Users\romis\OneDrive\Área de Trabalho\GitHub\selenium-vagas-gupy\reports\vagas_encontradas.csv
2026-09-07 12:41:39,280 - INFO - Vagas novas nesta execução: 0
2026-09-07 12:41:39,280 - INFO - Vagas novas cadastradas pela API: 0
2026-09-07 12:41:39,280 - INFO - Total acumulado de vagas: 26
2026-09-07 12:41:39,280 - INFO - Total de vagas duplicadas na API: 18
2026-09-07 12:41:39,280 - INFO - Total de erros de validação: 0
2026-09-07 12:41:39,280 - INFO - Total de erros de conexão: 0
2026-09-07 12:41:39,281 - INFO - Total de status HTTP inesperados: 0
2026-09-07 12:41:39,281 - INFO - Total de erros de timeout: 0
2026-09-07 12:41:39,281 - INFO - Total de falhas de autenticação na API: 0
2026-09-07 12:41:39,281 - INFO - Execução finalizada com sucesso
2026-09-07 12:41:42,615 - INFO - E-mail enviado com sucesso!
2026-09-07 12:41:42,615 - INFO - ============================================================
